---
source: tui/src/mcp/wizard_view.rs
assertion_line: 1582
expression: render(&view)
---
┌Source context──────────────────────────────────────────────────────────────┐
│Provide the MCP server source path so Codex can analyse its structure.      │
│                                                                            │
│                                                                            │
│                                                                            │
│                                                                            │
└────────────────────────────────────────────────────────────────────────────┘
┌MCP Wizard──────────────────────────────────────────────────────────────────┐
│Field                       Value                                           │
│Template                    anthropic/cli                                   │
│Source path                 (optional)                                      │
│Name                        anthropic-mcp                                   │
└────────────────────────────────────────────────────────────────────────────┘
┌Help────────────────────────────────────────────────────────────────────────┐
│Command must not be empty                                                   │
│Keys: ↑/↓ move  Enter edit/select  s summary  Esc close                     │
│                                                                            │
└────────────────────────────────────────────────────────────────────────────┘
