---
source: tui/src/chatwidget/tests.rs
expression: visual
---
> I’m going to search the repo for where “Change Approved” is rendered to update
  that view.
Latency p95     0ms  Audit fallback 0  Cache hit 100.0%  Ctrl+O Observability

  └ Search Change Approved
    Read diff_render.rs

  Investigating rendering code (0s • Esc to interrupt)

▌ Summarize recent commits

⏎ send   ⌃J newline   ⌃T transcript   ⌃C quit
