---
source: tui/src/chatwidget/tests.rs
expression: terminal.backend()
---
"Latency p95     0ms  Audit fallback 0  Cache hit 100.0%  Ctrl+O Observability   "
"                                                                                "
"▌Allow command?                                                                 "
"▌ Yes   Always   No, provide feedback                                           "
"                                                                                "
