---
source: tui/src/chatwidget/tests.rs
expression: terminal.backend()
---
"  ⚡ Task active                                                                " Hidden by multi-width symbols: [(3, " ")]
"                                                                                "
"  Analyzing (0s • Esc to interrupt)                                             "
"                                                                                "
"▌ Ask Codex to do anything                                                      "
"                                                                                "
"⏎ send   ⌃J newline   ⌃T transcript   ⌃C quit                                   "
"                                                                                "
