---
source: tui/src/chatwidget/tests.rs
expression: terminal.backend()
---
"  Performance: 0ms | 100% cache                                                 "
"▌Allow command?                                                                 "
"▌ Yes   Always   No, provide feedback                                           "
"▌ Approve and run the command                                                   "
"▌                                                                               "
"▌                                                                               "
