---
source: tui/src/stellar/tests.rs
expression: terminal.backend()
---
"┌ Insight Canvas ────────────────────────────────────────────────────────────────────────────────┐┌ Observability Overlay ─────────────────┐"
"│Persona: operator                                                                               ││Latency   0ms  Cache 100%               │"
"│                                                                                                ││[ Investigate ] Ctrl+R - guide the      │"
"│                                                                                                ││operator runbook                        │"
"│<type an insight or use CLI bridge>                                                             ││Ctrl+O to hide overlay                  │"
"│                                                                                                ││                                        │"
"│                                                                                                ││                                        │"
"│⚠ 1 queued offline operation                                                                    ││                                        │"
"│                                                                                                ││                                        │"
"│Confidence  94% - High                                                                          ││                                        │"
"│- Freshness: 0.35                                                                               ││                                        │"
"│- Source Trust: 0.27                                                                            ││                                        │"
"│- Schema Validity: 0.19                                                                         ││                                        │"
"│- Telemetry Alignment: 0.10                                                                     ││                                        │"
"│- User Overrides: 0.03                                                                          ││                                        │"
"│                                                                                                ││                                        │"
"└────────────────────────────────────────────────────────────────────────────────────────────────┘└────────────────────────────────────────┘"
"┌ Command Log ─────────────────────────────────────────────────────────────────────┐┌ Golden Path ─────────────────────────────────────────┐"
"│[insight] Investigate APDEX drift                                                 ││Send Insight Ctrl+Enter — Submit current insight for  │"
"└──────────────────────────────────────────────────────────────────────────────────┘└──────────────────────────────────────────────────────┘"
