---
source: tui/src/stellar/tests.rs
assertion_line: 62
expression: terminal.backend()
---
"┌ Insight Canvas ────────────────────────────────────────────────────────────────────────┐"
"│Persona: operator                                                                       │"
"│                                                                                        │"
"│                                                                                        │"
"│<type an insight or use CLI bridge>                                                     │"
"│                                                                                        │"
"│                                                                                        │"
"│⚠ 1 queued offline operation                                                            │"
"│                                                                                        │"
"│Confidence  94% - High                                                                  │"
"│- Freshness: 0.35                                                                       │"
"│- Source Trust: 0.27                                                                    │"
"│- Schema Validity: 0.19                                                                 │"
"│- Telemetry Alignment: 0.10                                                             │"
"│- User Overrides: 0.03                                                                  │"
"└────────────────────────────────────────────────────────────────────────────────────────┘"
"[Telemetry]  Command Log  Runbook                                                         "
"                                                                                          "
"┌ Command Log ───────────────────────────────────────────────────────────────────────────┐"
"└────────────────────────────────────────────────────────────────────────────────────────┘"
"┌ Golden Path ───────────────────────────────────────────────────────────────────────────┐"
"└────────────────────────────────────────────────────────────────────────────────────────┘"
